[2026-04-29 08:44:37] STARTUP SYSTEM | Engine Initialized | 0 | 1.00 | N/A
[2026-04-29 09:14:50] RECALC SYSTEM | 60s Interval Update | 1.0 | 0.50 | N/A
[2026-04-29 09:21:52] RECALC SYSTEM | 60s Interval Update | 1.0 | 0.50 | N/A
[2026-04-29 09:29:27] SHUTDOWN SYSTEM | Manual Termination | 0 | 0.00 | N/A
[2026-04-29 09:29:33] STARTUP SYSTEM | Engine Initialized | 0 | 1.00 | N/A
[2026-04-29 09:29:36] SHUTDOWN SYSTEM | Manual Termination | 0 | 0.00 | N/A
[2026-04-29 09:29:47] STARTUP SYSTEM | Engine Initialized | 0 | 1.00 | N/A
[2026-04-29 09:30:14] RECALC SYSTEM | Rolling Update | 1.0 | 0.50 | N/A
[2026-04-29 09:31:12] RECALC SYSTEM | Rolling Update | 1.0 | 0.50 | N/A
[2026-04-29 09:40:13] RECALC SYSTEM | Rolling Update | 1.0 | 0.50 | N/A
[2026-04-29 09:47:58] STARTUP SYSTEM | Engine Initialized | 0 | 1.00 | N/A
[2026-04-29 09:51:40] RECALC SYSTEM | Rolling Update | 1.0 | 0.50 | N/A
[2026-04-29 09:51:41] BAN 172.18.0.1 | Z-Score 4.00 (Threshold 3.0) | 3 | 1.00 | 600s
[2026-04-29 09:52:40] RECALC SYSTEM | Rolling Update | 1.0 | 0.50 | N/A
[2026-04-29 09:53:40] RECALC SYSTEM | Rolling Update | 1.0 | 0.50 | N/A
[2026-04-29 09:54:41] RECALC SYSTEM | Rolling Update | 1.0 | 0.50 | N/A
[2026-04-29 09:55:41] RECALC SYSTEM | Rolling Update | 1.0 | 0.50 | N/A
[2026-04-29 11:58:24] SHUTDOWN SYSTEM | Manual Termination | 0 | 0.00 | N/A
[2026-04-29 11:59:02] STARTUP SYSTEM | Engine Initialized | 0 | 1.00 | N/A
[2026-04-29 12:01:46] SHUTDOWN SYSTEM | Manual Termination | 0 | 0.00 | N/A
[2026-04-29 12:03:33] STARTUP SYSTEM | Engine Initialized | 0 | 1.00 | N/A
[2026-04-29 12:03:55] BAN 172.18.0.1 | Z-Score 4.00 (Threshold 3.0) | 3 | 1.00 | 60s
[2026-04-29 12:08:25] UNBAN 172.18.0.1 | Timer Expired | N/A | 1.00 | N/A
[2026-04-29 12:08:25] RECALC SYSTEM | Rolling Update | 1.0 | 0.50 | N/A
[2026-04-29 12:09:49] SHUTDOWN SYSTEM | Manual Termination | 0 | 0.00 | N/A
[2026-04-29 12:10:55] STARTUP SYSTEM | Engine Initialized | 0 | 1.00 | N/A
[2026-04-29 12:11:10] BAN 172.18.0.1 | Z-Score 4.00 (Threshold 3.0) | 3 | 1.00 | 600s
[2026-04-29 12:23:41] UNBAN 172.18.0.1 | Timer Expired | N/A | 1.00 | N/A
[2026-04-29 12:23:41] RECALC SYSTEM | Rolling Update | 1.0 | 0.50 | N/A
[2026-04-29 15:00:13] STARTUP SYSTEM | Engine Initialized | 0 | 1.00 | N/A
[2026-04-29 15:12:57] RECALC SYSTEM | Rolling Update | 1.0 | 0.50 | N/A
[2026-04-29 15:34:50] RECALC SYSTEM | Rolling Update | 1.0 | 0.50 | N/A
[2026-04-29 15:54:40] SHUTDOWN SYSTEM | Manual Termination | 0 | 0.00 | N/A
[2026-04-29 16:02:55] STARTUP SYSTEM | Engine Initialized | 0 | 1.00 | N/A
[2026-04-29 16:04:36] RECALC SYSTEM | Rolling Update | 1.0 | 0.50 | N/A
[2026-04-29 16:05:36] RECALC SYSTEM | Rolling Update | 1.0 | 0.50 | N/A
[2026-04-29 16:08:35] RECALC SYSTEM | Rolling Update | 1.0 | 0.50 | N/A
[2026-04-29 16:09:47] RECALC SYSTEM | Rolling Update | 1.0 | 0.50 | N/A
[2026-04-29 16:09:47] BAN 34.35.146.90 | Z-Score 4.00 (Threshold 3.0) | 3 | 1.00 | 600s
[2026-04-29 16:11:18] RECALC SYSTEM | Rolling Update | 1.0 | 0.50 | N/A
[2026-04-29 16:29:19] UNBAN 34.35.146.90 | Timer Expired | N/A | 1.00 | N/A
[2026-04-29 16:29:19] RECALC SYSTEM | Rolling Update | 1.0 | 0.50 | N/A
[2026-04-29 16:30:01] BAN 34.35.146.90 | Z-Score 4.00 (Threshold 3.0) | 3 | 1.00 | 1800s
